level=info msg=mem.allocator.bound_populations_only owned_classes=0/6 populations=sqlite,tree_sitter detail=ordinary_malloc_is_served_by_the_system_allocator_in_this_build_by_design;_allocator_tuning_applies_to_the_bound_populations
level=info msg=mem.init budget_mb=11468 total_ram_mb=32768 source=ram_fraction
level=info msg=watcher.start interval_ms=multi-sec
level=info msg=daemon.start version=0.10.8 pid=69155 cache_fingerprint=30384255c4cfd28f4f05b945397bff8431ee758dad688af1e93aef4cd01dfadd memory_budget_bytes=12025908428 physical_job_limit=4 worker_memory_budget_bytes=3006477107
level=info msg=index.supervisor.reap outcome=clean exit_code=0 signal=0
level=info msg=daemon.runtime_stopping reason=last_committed_client_disconnected
level=info msg=daemon.lifetime_end reason=runtime_exited
level=info msg=watcher.stop
level=info msg=daemon.stop
level=info msg=mem.allocator.bound_populations_only owned_classes=0/6 populations=sqlite,tree_sitter detail=ordinary_malloc_is_served_by_the_system_allocator_in_this_build_by_design;_allocator_tuning_applies_to_the_bound_populations
level=info msg=mem.init budget_mb=11468 total_ram_mb=32768 source=ram_fraction
level=info msg=watcher.start interval_ms=multi-sec
level=info msg=daemon.start version=0.10.8 pid=69207 cache_fingerprint=30384255c4cfd28f4f05b945397bff8431ee758dad688af1e93aef4cd01dfadd memory_budget_bytes=12025908428 physical_job_limit=4 worker_memory_budget_bytes=3006477107
level=info msg=daemon.runtime_stopping reason=last_committed_client_disconnected
level=info msg=daemon.lifetime_end reason=runtime_exited
level=info msg=watcher.stop
level=info msg=daemon.stop
level=info msg=mem.allocator.bound_populations_only owned_classes=0/6 populations=sqlite,tree_sitter detail=ordinary_malloc_is_served_by_the_system_allocator_in_this_build_by_design;_allocator_tuning_applies_to_the_bound_populations
level=info msg=mem.init budget_mb=11468 total_ram_mb=32768 source=ram_fraction
level=info msg=watcher.start interval_ms=multi-sec
level=info msg=daemon.start version=0.10.8 pid=69235 cache_fingerprint=30384255c4cfd28f4f05b945397bff8431ee758dad688af1e93aef4cd01dfadd memory_budget_bytes=12025908428 physical_job_limit=4 worker_memory_budget_bytes=3006477107
level=info msg=daemon.runtime_stopping reason=last_committed_client_disconnected
level=info msg=daemon.lifetime_end reason=runtime_exited
level=info msg=watcher.stop
level=info msg=daemon.stop
level=info msg=mem.allocator.bound_populations_only owned_classes=0/6 populations=sqlite,tree_sitter detail=ordinary_malloc_is_served_by_the_system_allocator_in_this_build_by_design;_allocator_tuning_applies_to_the_bound_populations
level=info msg=mem.init budget_mb=11468 total_ram_mb=32768 source=ram_fraction
level=info msg=watcher.start interval_ms=multi-sec
level=info msg=daemon.start version=0.10.8 pid=69269 cache_fingerprint=30384255c4cfd28f4f05b945397bff8431ee758dad688af1e93aef4cd01dfadd memory_budget_bytes=12025908428 physical_job_limit=4 worker_memory_budget_bytes=3006477107
level=info msg=daemon.runtime_stopping reason=last_committed_client_disconnected
level=info msg=daemon.lifetime_end reason=runtime_exited
level=info msg=watcher.stop
level=info msg=daemon.stop
level=info msg=mem.allocator.bound_populations_only owned_classes=0/6 populations=sqlite,tree_sitter detail=ordinary_malloc_is_served_by_the_system_allocator_in_this_build_by_design;_allocator_tuning_applies_to_the_bound_populations
level=info msg=mem.init budget_mb=11468 total_ram_mb=32768 source=ram_fraction
level=info msg=watcher.start interval_ms=multi-sec
level=info msg=daemon.start version=0.10.8 pid=69317 cache_fingerprint=30384255c4cfd28f4f05b945397bff8431ee758dad688af1e93aef4cd01dfadd memory_budget_bytes=12025908428 physical_job_limit=4 worker_memory_budget_bytes=3006477107
level=info msg=daemon.runtime_stopping reason=last_committed_client_disconnected
level=info msg=daemon.lifetime_end reason=runtime_exited
level=info msg=watcher.stop
level=info msg=daemon.stop
level=info msg=mem.allocator.bound_populations_only owned_classes=0/6 populations=sqlite,tree_sitter detail=ordinary_malloc_is_served_by_the_system_allocator_in_this_build_by_design;_allocator_tuning_applies_to_the_bound_populations
level=info msg=mem.init budget_mb=11468 total_ram_mb=32768 source=ram_fraction
level=info msg=watcher.start interval_ms=multi-sec
level=info msg=daemon.start version=0.10.8 pid=69348 cache_fingerprint=30384255c4cfd28f4f05b945397bff8431ee758dad688af1e93aef4cd01dfadd memory_budget_bytes=12025908428 physical_job_limit=4 worker_memory_budget_bytes=3006477107
level=info msg=daemon.runtime_stopping reason=last_committed_client_disconnected
level=info msg=daemon.lifetime_end reason=runtime_exited
level=info msg=watcher.stop
level=info msg=daemon.stop
level=info msg=mem.allocator.bound_populations_only owned_classes=0/6 populations=sqlite,tree_sitter detail=ordinary_malloc_is_served_by_the_system_allocator_in_this_build_by_design;_allocator_tuning_applies_to_the_bound_populations
level=info msg=mem.init budget_mb=11468 total_ram_mb=32768 source=ram_fraction
level=info msg=watcher.start interval_ms=multi-sec
level=info msg=daemon.start version=0.10.8 pid=69386 cache_fingerprint=30384255c4cfd28f4f05b945397bff8431ee758dad688af1e93aef4cd01dfadd memory_budget_bytes=12025908428 physical_job_limit=4 worker_memory_budget_bytes=3006477107
level=info msg=daemon.runtime_stopping reason=last_committed_client_disconnected
level=info msg=daemon.lifetime_end reason=runtime_exited
level=info msg=watcher.stop
level=info msg=daemon.stop
level=info msg=mem.allocator.bound_populations_only owned_classes=0/6 populations=sqlite,tree_sitter detail=ordinary_malloc_is_served_by_the_system_allocator_in_this_build_by_design;_allocator_tuning_applies_to_the_bound_populations
level=info msg=mem.init budget_mb=11468 total_ram_mb=32768 source=ram_fraction
level=info msg=watcher.start interval_ms=multi-sec
level=info msg=daemon.start version=0.10.8 pid=69406 cache_fingerprint=30384255c4cfd28f4f05b945397bff8431ee758dad688af1e93aef4cd01dfadd memory_budget_bytes=12025908428 physical_job_limit=4 worker_memory_budget_bytes=3006477107
level=info msg=daemon.runtime_stopping reason=last_committed_client_disconnected
level=info msg=daemon.lifetime_end reason=runtime_exited
level=info msg=watcher.stop
level=info msg=daemon.stop
