{
  "ok": true,
  "is_healthy": true,
  "quick_check": "ok",
  "schema_version": 8,
  "expected_schema_version": 8,
  "journal_mode": "WAL",
  "page_size": 4096,
  "page_count": 13681,
  "db_size_bytes": 56037376,
  "stats": {
    "paths": 517,
    "nodes": 6198,
    "edges": 15656,
    "pending": 9137,
    "pending_ambiguous": 462,
    "pending_unresolved": 8675,
    "orphaned_nodes": 0,
    "fts_count": 6198
  },
  "pending_breakdown": {
    "by_state": {
      "AMBIGUOUS": 462,
      "UNRESOLVED": 8675
    },
    "by_relation": {
      "calls": 8958,
      "extends": 178,
      "imports": 1
    }
  },
  "warnings": [],
  "errors": []
}
