/Users/giapminh79/code/GitHub/sot-graph/scripts/diagnose_native_latency.py
  /Users/giapminh79/code/GitHub/sot-graph/scripts/diagnose_native_latency.py:210:9 - error: Argument of type "Path" cannot be assigned to parameter "value" of type "None" in function "__setitem__"
    "Path" is not assignable to "None" (reportArgumentType)
  /Users/giapminh79/code/GitHub/sot-graph/scripts/diagnose_native_latency.py:269:24 - error: Object of type "None" is not subscriptable (reportOptionalSubscript)
  /Users/giapminh79/code/GitHub/sot-graph/scripts/diagnose_native_latency.py:269:59 - error: Object of type "None" is not subscriptable (reportOptionalSubscript)
  /Users/giapminh79/code/GitHub/sot-graph/scripts/diagnose_native_latency.py:271:33 - error: Object of type "None" is not subscriptable (reportOptionalSubscript)
/Users/giapminh79/code/GitHub/sot-graph/tests/test_diagnose_native_latency.py
  /Users/giapminh79/code/GitHub/sot-graph/tests/test_diagnose_native_latency.py:19:46 - error: Argument of type "ModuleSpec | None" cannot be assigned to parameter "spec" of type "ModuleSpec" in function "module_from_spec"
    Type "ModuleSpec | None" is not assignable to type "ModuleSpec"
      "None" is not assignable to "ModuleSpec" (reportArgumentType)
  /Users/giapminh79/code/GitHub/sot-graph/tests/test_diagnose_native_latency.py:20:10 - error: "loader" is not a known attribute of "None" (reportOptionalMemberAccess)
  /Users/giapminh79/code/GitHub/sot-graph/tests/test_diagnose_native_latency.py:20:17 - error: "exec_module" is not a known attribute of "None" (reportOptionalMemberAccess)
  /Users/giapminh79/code/GitHub/sot-graph/tests/test_diagnose_native_latency.py:37:12 - error: Cannot assign to attribute "test_bounded_command" for class "ModuleType"
    Attribute "test_bounded_command" is unknown (reportAttributeAccessIssue)
  /Users/giapminh79/code/GitHub/sot-graph/tests/test_diagnose_native_latency.py:41:12 - error: Cannot assign to attribute "test_output" for class "ModuleType"
    Attribute "test_output" is unknown (reportAttributeAccessIssue)
  /Users/giapminh79/code/GitHub/sot-graph/tests/test_diagnose_native_latency.py:42:12 - error: Cannot assign to attribute "test_registry" for class "ModuleType"
    Attribute "test_registry" is unknown (reportAttributeAccessIssue)
  /Users/giapminh79/code/GitHub/sot-graph/tests/test_diagnose_native_latency.py:124:13 - error: No overloads for "update" match the provided arguments
    Argument types: (Literal['/usr/bin:/bin'], Literal['dumb']) (reportCallIssue)
  /Users/giapminh79/code/GitHub/sot-graph/tests/test_diagnose_native_latency.py:126:17 - error: Argument of type "Literal['SECRET']" cannot be assigned to parameter "key" of type "Literal['HOME', 'CBM_CACHE_DIR', 'CBM_RUNTIME_DIR', 'XDG_CONFIG_HOME', 'TMPDIR']" in function "__setitem__"
    Type "Literal['SECRET']" is not assignable to type "Literal['HOME', 'CBM_CACHE_DIR', 'CBM_RUNTIME_DIR', 'XDG_CONFIG_HOME', 'TMPDIR']"
      "Literal['SECRET']" is not assignable to type "Literal['HOME']"
      "Literal['SECRET']" is not assignable to type "Literal['CBM_CACHE_DIR']"
      "Literal['SECRET']" is not assignable to type "Literal['CBM_RUNTIME_DIR']"
      "Literal['SECRET']" is not assignable to type "Literal['XDG_CONFIG_HOME']"
      "Literal['SECRET']" is not assignable to type "Literal['TMPDIR']" (reportArgumentType)
  /Users/giapminh79/code/GitHub/sot-graph/tests/test_diagnose_native_latency.py:226:71 - error: "total_seconds" is not a known attribute of "None" (reportOptionalMemberAccess)
  /Users/giapminh79/code/GitHub/sot-graph/tests/test_diagnose_native_latency.py:386:63 - error: "total_seconds" is not a known attribute of "None" (reportOptionalMemberAccess)
14 errors, 0 warnings, 0 informations
