{
  "ok": true,
  "is_healthy": true,
  "quick_check": "ok",
  "schema_version": 8,
  "expected_schema_version": 8,
  "journal_mode": "WAL",
  "page_size": 4096,
  "page_count": 13681,
  "db_size_bytes": 56037376,
  "stats": {
    "paths": 505,
    "nodes": 6063,
    "edges": 15226,
    "pending": 8872,
    "pending_ambiguous": 459,
    "pending_unresolved": 8413,
    "orphaned_nodes": 0,
    "fts_count": 6063
  },
  "pending_breakdown": {
    "by_state": {
      "AMBIGUOUS": 459,
      "UNRESOLVED": 8413
    },
    "by_relation": {
      "calls": 8695,
      "extends": 176,
      "imports": 1
    }
  },
  "warnings": [],
  "errors": []
}
